[TEST] Using DB: ./data/test_suite_1765552326598.sqlite
-> Verifying SDK Updates...
   Testing add with userId...
[EMBED] Advanced mode (1 calls)
   Testing getAll with userId...
   Testing query with top-level userId...
node.exe : TypeError: 
Cannot read properties of 
undefined (reading 
'length')
At C:\Program 
Files\nodejs\npx.ps1:29 
char:3
+   & $NODE_EXE 
$NPX_CLI_JS $args
+   ~~~~~~~~~~~~~~~~~~~~~~
~~~~~~~
    + CategoryInfo        
      : NotSpecified: (T  
  ypeError: Cann...adin   
 g 'length'):String) [    
], RemoteException
    + FullyQualifiedError 
   Id : NativeCommandErr  
  or
 
    at bufferToVector (C:\
Users\bhave\OneDrive\Docum
ents\GitHub\cavira\OpenMem
ory\sdk-js\src\memory\embe
d.ts:505:27)
    at calc_multi_vec_fusi
on_score (C:\Users\bhave\O
neDrive\Documents\GitHub\c
avira\OpenMemory\sdk-js\sr
c\memory\hsg.ts:658:20)
    at async hsg_query (C:
\Users\bhave\OneDrive\Docu
ments\GitHub\cavira\OpenMe
mory\sdk-js\src\memory\hsg
.ts:834:25)
    at async 
OpenMemory.query (C:\Users
\bhave\OneDrive\Documents\
GitHub\cavira\OpenMemory\s
dk-js\src\index.ts:218:16)
    at async 
test_sdk_updates (C:\Users
\bhave\OneDrive\Documents\
GitHub\cavira\OpenMemory\b
ackend\test\sdk_verify_upd
ates.ts:36:22)
